// Jest Snapshot v1, https://goo.gl/fbAQLP

exports[`ErrorBoundary Component Tests expect to render ErrorBoundary component 1`] = `ShallowWrapper {}`;
