// Jest Snapshot v1, https://goo.gl/fbAQLP

exports[`renders PageContent 1`] = `ShallowWrapper {}`;
